\BOOKMARK [0][-]{chapter*.4}{\376\377\000C\000o\000n\000t\000e\000n\000t\000s}{}% 1
\BOOKMARK [0][-]{chapter*.5}{\376\377\000L\000i\000s\000t\000\040\000o\000f\000\040\000T\000a\000b\000l\000e\000s}{}% 2
\BOOKMARK [0][-]{chapter*.6}{\376\377\000L\000i\000s\000t\000\040\000o\000f\000\040\000F\000i\000g\000u\000r\000e\000s}{}% 3
\BOOKMARK [0][-]{chapter.1}{\376\377\000I\000n\000t\000r\000o\000d\000u\000c\000c\000i\000\363\000n}{}% 4
\BOOKMARK [1][-]{section.1.1}{\376\377\000C\000o\000n\000t\000e\000x\000t\000o}{chapter.1}% 5
\BOOKMARK [1][-]{section.1.2}{\376\377\000M\000o\000t\000i\000v\000a\000c\000i\000\363\000n}{chapter.1}% 6
\BOOKMARK [1][-]{section.1.3}{\376\377\000P\000l\000a\000n\000t\000e\000a\000m\000i\000e\000n\000t\000o\000\040\000d\000e\000l\000\040\000p\000r\000o\000b\000l\000e\000m\000a}{chapter.1}% 7
\BOOKMARK [1][-]{section.1.4}{\376\377\000P\000r\000e\000g\000u\000n\000t\000a\000\040\000d\000e\000\040\000i\000n\000v\000e\000s\000t\000i\000g\000a\000c\000i\000\363\000n}{chapter.1}% 8
\BOOKMARK [1][-]{section.1.5}{\376\377\000H\000i\000p\000\363\000t\000e\000s\000i\000s}{chapter.1}% 9
\BOOKMARK [1][-]{section.1.6}{\376\377\000O\000b\000j\000e\000t\000i\000v\000o\000\040\000g\000e\000n\000e\000r\000a\000l}{chapter.1}% 10
\BOOKMARK [1][-]{section.1.7}{\376\377\000O\000b\000j\000e\000t\000i\000v\000o\000s\000\040\000e\000s\000p\000e\000c\000\355\000f\000i\000c\000o\000s}{chapter.1}% 11
\BOOKMARK [1][-]{section.1.8}{\376\377\000C\000o\000n\000t\000r\000i\000b\000u\000c\000i\000o\000n\000e\000s}{chapter.1}% 12
\BOOKMARK [1][-]{section.1.9}{\376\377\000O\000r\000g\000a\000n\000i\000z\000a\000c\000i\000\363\000n\000\040\000d\000e\000l\000\040\000d\000o\000c\000u\000m\000e\000n\000t\000o}{chapter.1}% 13
\BOOKMARK [0][-]{chapter.2}{\376\377\000M\000a\000r\000c\000o\000\040\000T\000e\000\363\000r\000i\000c\000o}{}% 14
\BOOKMARK [1][-]{section.2.1}{\376\377\000R\000i\000e\000s\000g\000o\000\040\000c\000r\000e\000d\000i\000t\000i\000c\000i\000o\000\040\000y\000\040\000c\000l\000a\000s\000i\000f\000i\000c\000a\000c\000i\000\363\000n\000\040\000b\000i\000n\000a\000r\000i\000a}{chapter.2}% 15
\BOOKMARK [1][-]{section.2.2}{\376\377\000I\000n\000t\000e\000l\000i\000g\000e\000n\000c\000i\000a\000\040\000d\000e\000\040\000n\000e\000g\000o\000c\000i\000o\000,\000\040\000d\000a\000t\000a\000\040\000w\000a\000r\000e\000h\000o\000u\000s\000e\000\040\000y\000\040\000d\000a\000t\000a\000m\000a\000r\000t}{chapter.2}% 16
\BOOKMARK [1][-]{section.2.3}{\376\377\000P\000r\000e\000d\000i\000c\000c\000i\000\363\000n\000\040\000m\000u\000l\000t\000i\000-\000h\000o\000r\000i\000z\000o\000n\000t\000e}{chapter.2}% 17
\BOOKMARK [1][-]{section.2.4}{\376\377\000C\000l\000a\000s\000e\000s\000\040\000d\000e\000s\000b\000a\000l\000a\000n\000c\000e\000a\000d\000a\000s}{chapter.2}% 18
\BOOKMARK [1][-]{section.2.5}{\376\377\000M\000o\000d\000e\000l\000o\000s\000\040\000e\000v\000a\000l\000u\000a\000d\000o\000s}{chapter.2}% 19
\BOOKMARK [2][-]{subsection.2.5.1}{\376\377\000L\000i\000g\000h\000t\000G\000B\000M}{section.2.5}% 20
\BOOKMARK [2][-]{subsection.2.5.2}{\376\377\000R\000e\000d\000\040\000n\000e\000u\000r\000o\000n\000a\000l\000\040\000c\000o\000n\000v\000o\000l\000u\000c\000i\000o\000n\000a\000l}{section.2.5}% 21
\BOOKMARK [2][-]{subsection.2.5.3}{\376\377\000P\000e\000r\000c\000e\000p\000t\000r\000\363\000n\000\040\000m\000u\000l\000t\000i\000c\000a\000p\000a}{section.2.5}% 22
\BOOKMARK [1][-]{section.2.6}{\376\377\000V\000a\000l\000i\000d\000a\000c\000i\000\363\000n\000\040\000t\000e\000m\000p\000o\000r\000a\000l\000\040\000y\000\040\000f\000u\000g\000a\000\040\000d\000e\000\040\000i\000n\000f\000o\000r\000m\000a\000c\000i\000\363\000n}{chapter.2}% 23
\BOOKMARK [1][-]{section.2.7}{\376\377\000M\000\351\000t\000r\000i\000c\000a\000s\000\040\000d\000e\000\040\000e\000v\000a\000l\000u\000a\000c\000i\000\363\000n}{chapter.2}% 24
\BOOKMARK [1][-]{section.2.8}{\376\377\000M\000L\000O\000p\000s\000\040\000y\000\040\000o\000b\000s\000e\000r\000v\000a\000b\000i\000l\000i\000d\000a\000d}{chapter.2}% 25
\BOOKMARK [0][-]{chapter.3}{\376\377\000R\000e\000v\000i\000s\000i\000\363\000n\000\040\000d\000e\000\040\000L\000i\000t\000e\000r\000a\000t\000u\000r\000a}{}% 26
\BOOKMARK [1][-]{section.3.1}{\376\377\000E\000s\000t\000r\000a\000t\000e\000g\000i\000a\000\040\000d\000e\000\040\000b\000\372\000s\000q\000u\000e\000d\000a}{chapter.3}% 27
\BOOKMARK [1][-]{section.3.2}{\376\377\000P\000r\000e\000d\000i\000c\000c\000i\000\363\000n\000\040\000d\000e\000\040\000r\000i\000e\000s\000g\000o\000\040\000c\000r\000e\000d\000i\000t\000i\000c\000i\000o}{chapter.3}% 28
\BOOKMARK [1][-]{section.3.3}{\376\377\000M\000L\000O\000p\000s\000\040\000a\000p\000l\000i\000c\000a\000d\000o\000\040\000a\000l\000\040\000r\000i\000e\000s\000g\000o\000\040\000c\000r\000e\000d\000i\000t\000i\000c\000i\000o}{chapter.3}% 29
\BOOKMARK [1][-]{section.3.4}{\376\377\000S\000\355\000n\000t\000e\000s\000i\000s\000\040\000c\000o\000m\000p\000a\000r\000a\000t\000i\000v\000a}{chapter.3}% 30
\BOOKMARK [1][-]{section.3.5}{\376\377\000B\000r\000e\000c\000h\000a\000s\000\040\000y\000\040\000p\000o\000s\000i\000c\000i\000o\000n\000a\000m\000i\000e\000n\000t\000o\000\040\000d\000e\000l\000\040\000t\000r\000a\000b\000a\000j\000o}{chapter.3}% 31
\BOOKMARK [0][-]{chapter.4}{\376\377\000M\000e\000t\000o\000d\000o\000l\000o\000g\000\355\000a}{}% 32
\BOOKMARK [1][-]{section.4.1}{\376\377\000D\000i\000s\000e\000\361\000o\000\040\000d\000e\000\040\000l\000a\000\040\000i\000n\000v\000e\000s\000t\000i\000g\000a\000c\000i\000\363\000n}{chapter.4}% 33
\BOOKMARK [1][-]{section.4.2}{\376\377\000D\000i\000s\000e\000\361\000o\000\040\000y\000\040\000a\000r\000q\000u\000i\000t\000e\000c\000t\000u\000r\000a\000\040\000d\000e\000l\000\040\000s\000i\000s\000t\000e\000m\000a}{chapter.4}% 34
\BOOKMARK [1][-]{section.4.3}{\376\377\000S\000\355\000n\000t\000e\000s\000i\000s\000\040\000c\000o\000m\000p\000a\000r\000a\000t\000i\000v\000a}{chapter.4}% 35
\BOOKMARK [1][-]{section.4.4}{\376\377\000F\000u\000e\000n\000t\000e\000s\000\040\000d\000e\000\040\000d\000a\000t\000o\000s\000\040\000y\000\040\000u\000n\000i\000d\000a\000d\000\040\000d\000e\000\040\000a\000n\000\341\000l\000i\000s\000i\000s}{chapter.4}% 36
\BOOKMARK [1][-]{section.4.5}{\376\377\000P\000r\000o\000c\000e\000s\000a\000m\000i\000e\000n\000t\000o\000\040\000y\000\040\000p\000r\000e\000p\000a\000r\000a\000c\000i\000\363\000n\000\040\000d\000e\000\040\000d\000a\000t\000o\000s}{chapter.4}% 37
\BOOKMARK [1][-]{section.4.6}{\376\377\000I\000n\000g\000e\000n\000i\000e\000r\000\355\000a\000\040\000d\000e\000\040\000c\000a\000r\000a\000c\000t\000e\000r\000\355\000s\000t\000i\000c\000a\000s\000\040\000y\000\040\000v\000a\000r\000i\000a\000b\000l\000e\000\040\000o\000b\000j\000e\000t\000i\000v\000o}{chapter.4}% 38
\BOOKMARK [2][-]{subsection.4.6.1}{\376\377\000G\000e\000n\000e\000r\000a\000c\000i\000\363\000n\000\040\000d\000e\000\040\000h\000o\000r\000i\000z\000o\000n\000t\000e\000s}{section.4.6}% 39
\BOOKMARK [1][-]{section.4.7}{\376\377\000A\000l\000g\000o\000r\000i\000t\000m\000o\000s\000\040\000s\000e\000l\000e\000c\000c\000i\000o\000n\000a\000d\000o\000s}{chapter.4}% 40
\BOOKMARK [2][-]{subsection.4.7.1}{\376\377\000C\000N\000N\000\040\000m\000u\000l\000t\000i\000-\000h\000o\000r\000i\000z\000o\000n\000t\000e}{section.4.7}% 41
\BOOKMARK [2][-]{subsection.4.7.2}{\376\377\000M\000L\000P\000\040\000m\000u\000l\000t\000i\000-\000h\000o\000r\000i\000z\000o\000n\000t\000e}{section.4.7}% 42
\BOOKMARK [2][-]{subsection.4.7.3}{\376\377\000L\000i\000g\000h\000t\000G\000B\000M\000\040\000m\000u\000l\000t\000i\000-\000h\000o\000r\000i\000z\000o\000n\000t\000e}{section.4.7}% 43
\BOOKMARK [1][-]{section.4.8}{\376\377\000H\000i\000p\000e\000r\000p\000a\000r\000\341\000m\000e\000t\000r\000o\000s\000\040\000y\000\040\000e\000s\000t\000r\000a\000t\000e\000g\000i\000a\000\040\000d\000e\000\040\000a\000j\000u\000s\000t\000e}{chapter.4}% 44
\BOOKMARK [1][-]{section.4.9}{\376\377\000P\000r\000o\000t\000o\000c\000o\000l\000o\000\040\000d\000e\000\040\000e\000n\000t\000r\000e\000n\000a\000m\000i\000e\000n\000t\000o\000,\000\040\000v\000a\000l\000i\000d\000a\000c\000i\000\363\000n\000\040\000y\000\040\000p\000r\000u\000e\000b\000a}{chapter.4}% 45
\BOOKMARK [1][-]{section.4.10}{\376\377\000M\000\351\000t\000r\000i\000c\000a\000s\000\040\000y\000\040\000c\000r\000i\000t\000e\000r\000i\000o\000\040\000d\000e\000\040\000s\000e\000l\000e\000c\000c\000i\000\363\000n}{chapter.4}% 46
\BOOKMARK [1][-]{section.4.11}{\376\377\000P\000i\000p\000e\000l\000i\000n\000e\000\040\000M\000L\000O\000p\000s\000\040\000y\000\040\000r\000e\000g\000i\000s\000t\000r\000o\000\040\000d\000e\000\040\000e\000x\000p\000e\000r\000i\000m\000e\000n\000t\000o\000s}{chapter.4}% 47
\BOOKMARK [1][-]{section.4.12}{\376\377\000P\000u\000e\000s\000t\000a\000\040\000e\000n\000\040\000p\000r\000o\000d\000u\000c\000c\000i\000\363\000n\000\040\000e\000\040\000i\000n\000f\000e\000r\000e\000n\000c\000i\000a}{chapter.4}% 48
\BOOKMARK [1][-]{section.4.13}{\376\377\000D\000i\000s\000e\000\361\000o\000\040\000d\000e\000l\000\040\000d\000a\000t\000a\000m\000a\000r\000t\000\040\000y\000\040\000d\000a\000s\000h\000b\000o\000a\000r\000d\000s}{chapter.4}% 49
\BOOKMARK [1][-]{section.4.14}{\376\377\000R\000e\000c\000u\000r\000s\000o\000s\000\040\000c\000o\000m\000p\000u\000t\000a\000c\000i\000o\000n\000a\000l\000e\000s}{chapter.4}% 50
\BOOKMARK [1][-]{section.4.15}{\376\377\000V\000e\000r\000s\000i\000o\000n\000a\000d\000o\000\040\000y\000\040\000r\000e\000p\000r\000o\000d\000u\000c\000i\000b\000i\000l\000i\000d\000a\000d}{chapter.4}% 51
\BOOKMARK [0][-]{chapter.5}{\376\377\000R\000e\000s\000u\000l\000t\000a\000d\000o\000s\000\040\000y\000\040\000D\000i\000s\000c\000u\000s\000i\000\363\000n}{}% 52
\BOOKMARK [1][-]{section.5.1}{\376\377\000C\000a\000r\000a\000c\000t\000e\000r\000i\000z\000a\000c\000i\000\363\000n\000\040\000d\000e\000l\000\040\000c\000o\000n\000j\000u\000n\000t\000o\000\040\000d\000e\000\040\000d\000a\000t\000o\000s}{chapter.5}% 53
\BOOKMARK [1][-]{section.5.2}{\376\377\000R\000e\000s\000u\000l\000t\000a\000d\000o\000s\000\040\000d\000e\000l\000\040\000p\000r\000o\000c\000e\000s\000a\000m\000i\000e\000n\000t\000o\000\040\000y\000\040\000a\000n\000\341\000l\000i\000s\000i\000s\000\040\000e\000x\000p\000l\000o\000r\000a\000t\000o\000r\000i\000o}{chapter.5}% 54
\BOOKMARK [2][-]{subsection.5.2.1}{\376\377\000C\000o\000r\000r\000e\000l\000a\000c\000i\000o\000n\000e\000s}{section.5.2}% 55
\BOOKMARK [2][-]{subsection.5.2.2}{\376\377\000P\000o\000d\000e\000r\000\040\000p\000r\000e\000d\000i\000c\000t\000i\000v\000o\000\040\000i\000n\000d\000i\000v\000i\000d\000u\000a\000l}{section.5.2}% 56
\BOOKMARK [2][-]{subsection.5.2.3}{\376\377\000E\000v\000o\000l\000u\000c\000i\000\363\000n\000\040\000t\000e\000m\000p\000o\000r\000a\000l\000\040\000d\000e\000\040\000l\000a\000\040\000c\000l\000a\000s\000e\000\040\000p\000o\000s\000i\000t\000i\000v\000a}{section.5.2}% 57
\BOOKMARK [1][-]{section.5.3}{\376\377\000R\000e\000s\000u\000l\000t\000a\000d\000o\000s\000\040\000d\000e\000\040\000l\000o\000s\000\040\000m\000o\000d\000e\000l\000o\000s}{chapter.5}% 58
\BOOKMARK [2][-]{subsection.5.3.1}{\376\377\000L\000i\000g\000h\000t\000G\000B\000M}{section.5.3}% 59
\BOOKMARK [2][-]{subsection.5.3.2}{\376\377\000C\000N\000N}{section.5.3}% 60
\BOOKMARK [2][-]{subsection.5.3.3}{\376\377\000M\000L\000P}{section.5.3}% 61
\BOOKMARK [1][-]{section.5.4}{\376\377\000C\000o\000m\000p\000a\000r\000a\000c\000i\000\363\000n\000\040\000g\000l\000o\000b\000a\000l}{chapter.5}% 62
\BOOKMARK [1][-]{section.5.5}{\376\377\000E\000j\000e\000c\000u\000c\000i\000\363\000n\000\040\000a\000u\000t\000o\000m\000a\000t\000i\000z\000a\000d\000a\000\040\000y\000\040\000r\000e\000g\000i\000s\000t\000r\000o}{chapter.5}% 63
\BOOKMARK [1][-]{section.5.6}{\376\377\000D\000a\000t\000a\000m\000a\000r\000t\000\040\000y\000\040\000d\000a\000s\000h\000b\000o\000a\000r\000d\000s}{chapter.5}% 64
\BOOKMARK [1][-]{section.5.7}{\376\377\000D\000i\000s\000c\000u\000s\000i\000\363\000n}{chapter.5}% 65
\BOOKMARK [0][-]{chapter.6}{\376\377\000C\000o\000n\000c\000l\000u\000s\000i\000o\000n\000e\000s}{}% 66
\BOOKMARK [1][-]{section.6.1}{\376\377\000S\000\355\000n\000t\000e\000s\000i\000s\000\040\000d\000e\000\040\000l\000o\000s\000\040\000p\000r\000i\000n\000c\000i\000p\000a\000l\000e\000s\000\040\000h\000a\000l\000l\000a\000z\000g\000o\000s}{chapter.6}% 67
\BOOKMARK [1][-]{section.6.2}{\376\377\000R\000e\000s\000p\000u\000e\000s\000t\000a\000\040\000a\000l\000\040\000o\000b\000j\000e\000t\000i\000v\000o\000\040\000g\000e\000n\000e\000r\000a\000l}{chapter.6}% 68
\BOOKMARK [1][-]{section.6.3}{\376\377\000R\000e\000s\000p\000u\000e\000s\000t\000a\000\040\000a\000\040\000l\000o\000s\000\040\000o\000b\000j\000e\000t\000i\000v\000o\000s\000\040\000e\000s\000p\000e\000c\000\355\000f\000i\000c\000o\000s}{chapter.6}% 69
\BOOKMARK [1][-]{section.6.4}{\376\377\000C\000o\000n\000t\000r\000i\000b\000u\000c\000i\000o\000n\000e\000s}{chapter.6}% 70
\BOOKMARK [1][-]{section.6.5}{\376\377\000L\000i\000m\000i\000t\000a\000c\000i\000o\000n\000e\000s}{chapter.6}% 71
\BOOKMARK [1][-]{section.6.6}{\376\377\000T\000r\000a\000b\000a\000j\000o\000\040\000f\000u\000t\000u\000r\000o}{chapter.6}% 72
\BOOKMARK [0][-]{chapter*.37}{\376\377\000B\000i\000b\000l\000i\000o\000g\000r\000a\000p\000h\000y}{}% 73
\BOOKMARK [0][-]{section*.38}{\376\377\000A\000p\000p\000e\000n\000d\000i\000c\000e\000s}{}% 74
\BOOKMARK [0][-]{appendix.A}{\376\377\000R\000e\000p\000o\000s\000i\000t\000o\000r\000i\000o\000s\000\040\000y\000\040\000e\000v\000i\000d\000e\000n\000c\000i\000a\000\040\000c\000o\000m\000p\000l\000e\000m\000e\000n\000t\000a\000r\000i\000a}{}% 75
\BOOKMARK [1][-]{section.A.1}{\376\377\000C\000a\000p\000t\000u\000r\000a\000s\000\040\000a\000d\000i\000c\000i\000o\000n\000a\000l\000e\000s\000\040\000d\000e\000\040\000d\000a\000s\000h\000b\000o\000a\000r\000d\000s}{appendix.A}% 76
\BOOKMARK [1][-]{section.A.2}{\376\377\000I\000n\000f\000o\000r\000m\000a\000c\000i\000\363\000n\000\040\000m\000\355\000n\000i\000m\000a\000\040\000p\000a\000r\000a\000\040\000r\000e\000p\000r\000o\000d\000u\000c\000i\000b\000i\000l\000i\000d\000a\000d}{appendix.A}% 77
\BOOKMARK [1][-]{section.A.3}{\376\377\000E\000s\000q\000u\000e\000m\000a\000\040\000e\000s\000t\000r\000e\000l\000l\000a\000\040\000d\000e\000l\000\040\000d\000a\000t\000a\000m\000a\000r\000t}{appendix.A}% 78
\BOOKMARK [2][-]{subsection.A.3.1}{\376\377\000T\000a\000b\000l\000a\000\040\000d\000e\000\040\000h\000e\000c\000h\000o\000s\000:\000\040\000f\000a\000c\000t\000\137\000c\000r\000e\000d\000i\000t\000o\000s\000\137\000m\000e\000n\000s\000u\000a\000l}{section.A.3}% 79
\BOOKMARK [2][-]{subsection.A.3.2}{\376\377\000T\000a\000b\000l\000a\000\040\000d\000e\000\040\000h\000e\000c\000h\000o\000s\000:\000\040\000f\000a\000c\000t\000\137\000p\000r\000e\000d\000i\000c\000c\000i\000o\000n\000e\000s}{section.A.3}% 80
